[2m11:39:57 am[22m [31m[1m[vite][22m[39m [31m[2m(client)[22m[39m Pre-transform error: [postcss] It looks like you're trying to use `tailwindcss` directly as a PostCSS plugin. The PostCSS plugin has moved to a separate package, so to continue using Tailwind CSS with PostCSS you'll need to install `@tailwindcss/postcss` and update your PostCSS configuration.
  Plugin: [35mvite:css[39m
  File: [36mC:/Users/anike/OneDrive/Desktop/akstudio/frontend/src/index.css[39m:undefined:NaN
[2m11:39:57 am[22m [31m[1m[vite][22m[39m [31m[2m(client)[22m[39m Pre-transform error: [postcss] It looks like you're trying to use `tailwindcss` directly as a PostCSS plugin. The PostCSS plugin has moved to a separate package, so to continue using Tailwind CSS with PostCSS you'll need to install `@tailwindcss/postcss` and update your PostCSS configuration.
  Plugin: [35mvite:css[39m
  File: [36mC:/Users/anike/OneDrive/Desktop/akstudio/frontend/src/App.css[39m:undefined:NaN
[2m11:40:31 am[22m [31m[1m[vite][22m[39m [31mInternal server error: [postcss] It looks like you're trying to use `tailwindcss` directly as a PostCSS plugin. The PostCSS plugin has moved to a separate package, so to continue using Tailwind CSS with PostCSS you'll need to install `@tailwindcss/postcss` and update your PostCSS configuration.[39m
  Plugin: [35mvite:css[39m
  File: [36mC:/Users/anike/OneDrive/Desktop/akstudio/frontend/src/index.css[39m:undefined:NaN
      at mt (C:\Users\anike\OneDrive\Desktop\akstudio\frontend\node_modules\tailwindcss\dist\lib.js:38:1643)
      at LazyResult.runOnRoot (C:\Users\anike\OneDrive\Desktop\akstudio\frontend\node_modules\postcss\lib\lazy-result.js:367:16)
      at LazyResult.runAsync (C:\Users\anike\OneDrive\Desktop\akstudio\frontend\node_modules\postcss\lib\lazy-result.js:296:26)
      at async runPostCSS (file:///C:/Users/anike/OneDrive/Desktop/akstudio/frontend/node_modules/vite/dist/node/chunks/node.js:23223:19)
      at async compilePostCSS (file:///C:/Users/anike/OneDrive/Desktop/akstudio/frontend/node_modules/vite/dist/node/chunks/node.js:23207:6)
      at async compileCSS (file:///C:/Users/anike/OneDrive/Desktop/akstudio/frontend/node_modules/vite/dist/node/chunks/node.js:23137:26)
      at async TransformPluginContext.handler (file:///C:/Users/anike/OneDrive/Desktop/akstudio/frontend/node_modules/vite/dist/node/chunks/node.js:22612:47)
      at async EnvironmentPluginContainer.transform (file:///C:/Users/anike/OneDrive/Desktop/akstudio/frontend/node_modules/vite/dist/node/chunks/node.js:30932:14)
      at async loadAndTransform (file:///C:/Users/anike/OneDrive/Desktop/akstudio/frontend/node_modules/vite/dist/node/chunks/node.js:20671:26)
      at async viteTransformMiddleware (file:///C:/Users/anike/OneDrive/Desktop/akstudio/frontend/node_modules/vite/dist/node/chunks/node.js:25205:20)
[2m11:40:31 am[22m [31m[1m[vite][22m[39m [31mInternal server error: [postcss] It looks like you're trying to use `tailwindcss` directly as a PostCSS plugin. The PostCSS plugin has moved to a separate package, so to continue using Tailwind CSS with PostCSS you'll need to install `@tailwindcss/postcss` and update your PostCSS configuration.[39m
  Plugin: [35mvite:css[39m
  File: [36mC:/Users/anike/OneDrive/Desktop/akstudio/frontend/src/App.css[39m:undefined:NaN
      at mt (C:\Users\anike\OneDrive\Desktop\akstudio\frontend\node_modules\tailwindcss\dist\lib.js:38:1643)
      at LazyResult.runOnRoot (C:\Users\anike\OneDrive\Desktop\akstudio\frontend\node_modules\postcss\lib\lazy-result.js:367:16)
      at LazyResult.runAsync (C:\Users\anike\OneDrive\Desktop\akstudio\frontend\node_modules\postcss\lib\lazy-result.js:296:26)
      at LazyResult.async (C:\Users\anike\OneDrive\Desktop\akstudio\frontend\node_modules\postcss\lib\lazy-result.js:198:30)
      at LazyResult.then (C:\Users\anike\OneDrive\Desktop\akstudio\frontend\node_modules\postcss\lib\lazy-result.js:455:17)
[2m11:40:44 am[22m [31m[1m[vite][22m[39m [31mInternal server error: [postcss] It looks like you're trying to use `tailwindcss` directly as a PostCSS plugin. The PostCSS plugin has moved to a separate package, so to continue using Tailwind CSS with PostCSS you'll need to install `@tailwindcss/postcss` and update your PostCSS configuration.[39m
  Plugin: [35mvite:css[39m
  File: [36mC:/Users/anike/OneDrive/Desktop/akstudio/frontend/src/index.css[39m:undefined:NaN
      at mt (C:\Users\anike\OneDrive\Desktop\akstudio\frontend\node_modules\tailwindcss\dist\lib.js:38:1643)
      at LazyResult.runOnRoot (C:\Users\anike\OneDrive\Desktop\akstudio\frontend\node_modules\postcss\lib\lazy-result.js:367:16)
      at LazyResult.runAsync (C:\Users\anike\OneDrive\Desktop\akstudio\frontend\node_modules\postcss\lib\lazy-result.js:296:26)
      at async runPostCSS (file:///C:/Users/anike/OneDrive/Desktop/akstudio/frontend/node_modules/vite/dist/node/chunks/node.js:23223:19)
      at async compilePostCSS (file:///C:/Users/anike/OneDrive/Desktop/akstudio/frontend/node_modules/vite/dist/node/chunks/node.js:23207:6)
      at async compileCSS (file:///C:/Users/anike/OneDrive/Desktop/akstudio/frontend/node_modules/vite/dist/node/chunks/node.js:23137:26)
      at async TransformPluginContext.handler (file:///C:/Users/anike/OneDrive/Desktop/akstudio/frontend/node_modules/vite/dist/node/chunks/node.js:22612:47)
      at async EnvironmentPluginContainer.transform (file:///C:/Users/anike/OneDrive/Desktop/akstudio/frontend/node_modules/vite/dist/node/chunks/node.js:30932:14)
      at async loadAndTransform (file:///C:/Users/anike/OneDrive/Desktop/akstudio/frontend/node_modules/vite/dist/node/chunks/node.js:20671:26)
      at async viteTransformMiddleware (file:///C:/Users/anike/OneDrive/Desktop/akstudio/frontend/node_modules/vite/dist/node/chunks/node.js:25205:20)
[2m11:40:44 am[22m [31m[1m[vite][22m[39m [31mInternal server error: [postcss] It looks like you're trying to use `tailwindcss` directly as a PostCSS plugin. The PostCSS plugin has moved to a separate package, so to continue using Tailwind CSS with PostCSS you'll need to install `@tailwindcss/postcss` and update your PostCSS configuration.[39m
  Plugin: [35mvite:css[39m
  File: [36mC:/Users/anike/OneDrive/Desktop/akstudio/frontend/src/App.css[39m:undefined:NaN
      at mt (C:\Users\anike\OneDrive\Desktop\akstudio\frontend\node_modules\tailwindcss\dist\lib.js:38:1643)
      at LazyResult.runOnRoot (C:\Users\anike\OneDrive\Desktop\akstudio\frontend\node_modules\postcss\lib\lazy-result.js:367:16)
      at LazyResult.runAsync (C:\Users\anike\OneDrive\Desktop\akstudio\frontend\node_modules\postcss\lib\lazy-result.js:296:26)
      at LazyResult.async (C:\Users\anike\OneDrive\Desktop\akstudio\frontend\node_modules\postcss\lib\lazy-result.js:198:30)
      at LazyResult.then (C:\Users\anike\OneDrive\Desktop\akstudio\frontend\node_modules\postcss\lib\lazy-result.js:455:17)
